 *******************************************************************************
 ** Site#: 22060        For non-commercial use only     Version 15.038L 64BITS**
 *******************************************************************************
 ** Cite this work as:                                                        **
 **                                                                           **
 ** (a) MOPAC2012, James J. P. Stewart, Stewart Computational Chemistry,      **
 **  Version 15.038L web: HTTP://OpenMOPAC.net         Days remaining: 284    **
 **                                                                           **
 **                                 AND                                       **
 **                                                                           **
 ** (b) Maia, J.D.C., et al., J. Chem. Theory Comput. 2012, 8, 3072-3081.     **
 **                DOI: 10.1021/ct3004645.                                    **
 *******************************************************************************
 **                                                                           **
 **                                MOPAC2012                                  **
 **                                                                           **
 *******************************************************************************

                           MNDO CALCULATION RESULTS


 *******************************************************************************
 *  CALCULATION DONE:                                Wed Apr 29 15:20:01 2015  *
 *  MNDO       - The MNDO Hamiltonian to be used
 *  PRECISE    - CRITERIA TO BE INCREASED BY 100 TIMES
 *  BFGS       - USE THE BFGS GEOMETRY OPTIMIZER
 *  T=         - A TIME OF 172800.0 SECONDS REQUESTED
 *  DUMP=N     - RESTART FILE WRITTEN EVERY  7200.000 SECONDS
 *******************************************************************************
MNDO BFGS PRECISE
 comment line 1
 comment line 2
   ATOM   CHEMICAL          X               Y               Z
  NUMBER   SYMBOL      (ANGSTROMS)     (ANGSTROMS)     (ANGSTROMS)
 
     1       O          1.84396000  *   0.36238000  *  -0.77963000  *
     2       C          1.66083000  *   1.34436000  *  -1.70122000  *
     3       C          3.05458000  *  -0.12575000  *  -0.39577000  *
     4       H         -0.92168000  *  -0.71269000  *  -1.74873000  *
     5      Si         -0.81517000  *   0.36777000  *  -2.74052000  *
     6       C          0.25706000  *   1.75060000  *  -2.05145000  *
     7       O          2.62100000  *   1.86252000  *  -2.25759000  *
     8       H         -2.15558000  *   0.89182000  *  -3.04140000  *
     9       H         -0.20491000  *  -0.15454000  *  -3.97240000  *
    10       O          3.92953000  *   0.75425000  *   0.17251000  *
    11       C          4.88801000  *   0.45327000  *   1.12042000  *
    12       H          5.43899000  *   1.37941000  *   1.38329000  *
    13       H          5.61383000  *  -0.28344000  *   0.71467000  *
    14       H          4.40878000  *   0.05670000  *   2.04089000  *
    15       C          3.39226000  *  -1.42901000  *  -0.59567000  *
    16      Si          2.32435000  *  -2.69521000  *  -1.44475000  *
    17       H          4.36157000  *  -1.79406000  *  -0.27836000  *
    18       H          1.04355000  *  -2.16333000  *  -1.92822000  *
    19       H          2.06061000  *  -3.80227000  *  -0.51412000  *
    20       H          3.04979000  *  -3.21093000  *  -2.61479000  *
 


          CARTESIAN COORDINATES 

    NO.       ATOM         X         Y         Z

     1         O        1.8440    0.3624   -0.7796
     2         C        1.6608    1.3444   -1.7012
     3         C        3.0546   -0.1258   -0.3958
     4         H       -0.9217   -0.7127   -1.7487
     5        Si       -0.8152    0.3678   -2.7405
     6         C        0.2571    1.7506   -2.0514
     7         O        2.6210    1.8625   -2.2576
     8         H       -2.1556    0.8918   -3.0414
     9         H       -0.2049   -0.1545   -3.9724
    10         O        3.9295    0.7543    0.1725
    11         C        4.8880    0.4533    1.1204
    12         H        5.4390    1.3794    1.3833
    13         H        5.6138   -0.2834    0.7147
    14         H        4.4088    0.0567    2.0409
    15         C        3.3923   -1.4290   -0.5957
    16        Si        2.3243   -2.6952   -1.4447
    17         H        4.3616   -1.7941   -0.2784
    18         H        1.0435   -2.1633   -1.9282
    19         H        2.0606   -3.8023   -0.5141
    20         H        3.0498   -3.2109   -2.6148

     ===================== shared-memory parallel CPU Section ======================
     **                                                                           **
     **  MOPAC calculations will run in shared-memory parallel CPUs               **
     **                                                                           **
     **  Number of Threads =  4                                                   **
     **                                                                           **
     **                                                                           **
     **  For information on this work, see:                                       **
     **                                                                           **
     **  Maia, J.D.C., et al., J. Chem. Theory Comput. 2012, 8, 3072-3081.        **
     **        DOI: 10.1021/ct3004645.                                            **
     **                                                                           **
     ===================== shared-memory parallel CPU Section ======================
      


  H: (MNDO): M.J.S. DEWAR, W. THIEL, J. AM. CHEM. SOC., 99, 4899, (1977)
  C: (MNDO): M.J.S. DEWAR, W. THIEL, J. AM. CHEM. SOC., 99, 4899, (1977)
  O: (MNDO): M.J.S. DEWAR, W. THIEL, J. AM. CHEM. SOC., 99, 4899, (1977)
 Si: (MNDO): M.J.S.DEWAR, ET. AL. ORGANOMETALLICS  5, 375 (1986)

           Empirical Formula: C5 H10 O3 Si2  =    20 atoms



      MOLECULAR POINT GROUP   :   C1  


      RHF CALCULATION, NO. OF DOUBLY OCCUPIED LEVELS =   28

      Geometry optimization using BFGS
 CYCLE:     1 TIME:   0.016 TIME LEFT:  2.00D  GRAD.:   239.649 HEAT: -5.363692    
 CYCLE:     2 TIME:   0.023 TIME LEFT:  2.00D  GRAD.:   154.229 HEAT: -11.70554    
 CYCLE:     3 TIME:   0.023 TIME LEFT:  2.00D  GRAD.:    93.220 HEAT: -15.05762    
 CYCLE:     4 TIME:   0.020 TIME LEFT:  2.00D  GRAD.:   154.704 HEAT: -15.98981    
 CYCLE:     5 TIME:   0.031 TIME LEFT:  2.00D  GRAD.:   118.723 HEAT: -17.21736    
 CYCLE:     6 TIME:   0.020 TIME LEFT:  2.00D  GRAD.:   111.166 HEAT: -18.54069    
 CYCLE:     7 TIME:   0.027 TIME LEFT:  2.00D  GRAD.:    59.856 HEAT: -20.79279    
 CYCLE:     8 TIME:   0.023 TIME LEFT:  2.00D  GRAD.:    60.671 HEAT: -22.04757    
 CYCLE:     9 TIME:   0.023 TIME LEFT:  2.00D  GRAD.:    50.685 HEAT: -22.58137    
 CYCLE:    10 TIME:   0.016 TIME LEFT:  2.00D  GRAD.:    34.597 HEAT: -24.08896    
 CYCLE:    11 TIME:   0.023 TIME LEFT:  2.00D  GRAD.:    20.878 HEAT: -25.11945    
 CYCLE:    12 TIME:   0.035 TIME LEFT:  2.00D  GRAD.:    32.646 HEAT: -26.65016    
 CYCLE:    13 TIME:   0.027 TIME LEFT:  2.00D  GRAD.:    31.553 HEAT: -27.56185    
 CYCLE:    14 TIME:   0.027 TIME LEFT:  2.00D  GRAD.:    37.252 HEAT: -28.51872    
 CYCLE:    15 TIME:   0.297 TIME LEFT:  2.00D  GRAD.:    50.542 HEAT: -28.72053    
 CYCLE:    16 TIME:   0.184 TIME LEFT:  2.00D  GRAD.:    25.164 HEAT: -30.00840    
 CYCLE:    17 TIME:   0.016 TIME LEFT:  2.00D  GRAD.:    18.271 HEAT: -30.56444    
 CYCLE:    18 TIME:   0.020 TIME LEFT:  2.00D  GRAD.:    14.724 HEAT: -31.08513    
 CYCLE:    19 TIME:   0.016 TIME LEFT:  2.00D  GRAD.:    19.785 HEAT: -31.41997    
 CYCLE:    20 TIME:   0.020 TIME LEFT:  2.00D  GRAD.:    15.588 HEAT: -31.68087    
 CYCLE:    21 TIME:   0.016 TIME LEFT:  2.00D  GRAD.:    15.152 HEAT: -31.83680    
 CYCLE:    22 TIME:   0.016 TIME LEFT:  2.00D  GRAD.:     8.361 HEAT: -31.98747    
 CYCLE:    23 TIME:   0.020 TIME LEFT:  2.00D  GRAD.:     7.156 HEAT: -32.04807    
 CYCLE:    24 TIME:   0.051 TIME LEFT:  2.00D  GRAD.:     7.574 HEAT: -32.13600    
 CYCLE:    25 TIME:   0.023 TIME LEFT:  2.00D  GRAD.:     7.726 HEAT: -32.22011    
 CYCLE:    26 TIME:   0.023 TIME LEFT:  2.00D  GRAD.:     7.150 HEAT: -32.28782    
 CYCLE:    27 TIME:   0.020 TIME LEFT:  2.00D  GRAD.:     6.562 HEAT: -32.34978    
 CYCLE:    28 TIME:   0.035 TIME LEFT:  2.00D  GRAD.:     6.804 HEAT: -32.41468    
 CYCLE:    29 TIME:   0.035 TIME LEFT:  2.00D  GRAD.:     5.751 HEAT: -32.46747    
 CYCLE:    30 TIME:   0.016 TIME LEFT:  2.00D  GRAD.:     5.044 HEAT: -32.50960    
 CYCLE:    31 TIME:   0.020 TIME LEFT:  2.00D  GRAD.:     4.878 HEAT: -32.54616    
 CYCLE:    32 TIME:   0.020 TIME LEFT:  2.00D  GRAD.:     7.636 HEAT: -32.61197    
 CYCLE:    33 TIME:   0.023 TIME LEFT:  2.00D  GRAD.:    10.752 HEAT: -32.73048    
 CYCLE:    34 TIME:   0.027 TIME LEFT:  2.00D  GRAD.:     7.595 HEAT: -32.83275    
 CYCLE:    35 TIME:   0.020 TIME LEFT:  2.00D  GRAD.:     8.652 HEAT: -32.92578    
 CYCLE:    36 TIME:   0.023 TIME LEFT:  2.00D  GRAD.:     6.590 HEAT: -33.01853    
 CYCLE:    37 TIME:   0.016 TIME LEFT:  2.00D  GRAD.:     5.782 HEAT: -33.07184    
 CYCLE:    38 TIME:   0.020 TIME LEFT:  2.00D  GRAD.:     6.002 HEAT: -33.12011    
 CYCLE:    39 TIME:   0.023 TIME LEFT:  2.00D  GRAD.:     5.866 HEAT: -33.17470    
 CYCLE:    40 TIME:   0.016 TIME LEFT:  2.00D  GRAD.:     5.975 HEAT: -33.21877    
 CYCLE:    41 TIME:   0.020 TIME LEFT:  2.00D  GRAD.:     5.647 HEAT: -33.26001    
 CYCLE:    42 TIME:   0.020 TIME LEFT:  2.00D  GRAD.:     6.901 HEAT: -33.32789    
 CYCLE:    43 TIME:   0.020 TIME LEFT:  2.00D  GRAD.:    10.069 HEAT: -33.40383    
 CYCLE:    44 TIME:   0.023 TIME LEFT:  2.00D  GRAD.:     6.898 HEAT: -33.49684    
 CYCLE:    45 TIME:   0.020 TIME LEFT:  2.00D  GRAD.:     6.978 HEAT: -33.57541    
 CYCLE:    46 TIME:   0.020 TIME LEFT:  2.00D  GRAD.:     8.926 HEAT: -33.65743    
 CYCLE:    47 TIME:   0.016 TIME LEFT:  2.00D  GRAD.:     8.191 HEAT: -33.70927    
 CYCLE:    48 TIME:   0.020 TIME LEFT:  2.00D  GRAD.:     7.434 HEAT: -33.80725    
 CYCLE:    49 TIME:   0.020 TIME LEFT:  2.00D  GRAD.:     6.918 HEAT: -33.88990    
 CYCLE:    50 TIME:   0.016 TIME LEFT:  2.00D  GRAD.:     6.099 HEAT: -33.94306    
 CYCLE:    51 TIME:   0.020 TIME LEFT:  2.00D  GRAD.:     5.874 HEAT: -33.98651    
 CYCLE:    52 TIME:   0.023 TIME LEFT:  2.00D  GRAD.:     6.863 HEAT: -34.03942    
 CYCLE:    53 TIME:   0.020 TIME LEFT:  2.00D  GRAD.:     8.923 HEAT: -34.09781    
 CYCLE:    54 TIME:   0.020 TIME LEFT:  2.00D  GRAD.:     7.936 HEAT: -34.16748    
 CYCLE:    55 TIME:   0.027 TIME LEFT:  2.00D  GRAD.:     9.701 HEAT: -34.27605    
 CYCLE:    56 TIME:   0.020 TIME LEFT:  2.00D  GRAD.:     9.059 HEAT: -34.33557    
 CYCLE:    57 TIME:   0.020 TIME LEFT:  2.00D  GRAD.:    11.349 HEAT: -34.48310    
 CYCLE:    58 TIME:   0.023 TIME LEFT:  2.00D  GRAD.:    12.866 HEAT: -34.58859    
 CYCLE:    59 TIME:   0.027 TIME LEFT:  2.00D  GRAD.:    13.522 HEAT: -34.71216    
 CYCLE:    60 TIME:   0.020 TIME LEFT:  2.00D  GRAD.:     7.518 HEAT: -34.85318    
 CYCLE:    61 TIME:   0.020 TIME LEFT:  2.00D  GRAD.:     6.867 HEAT: -34.93040    
 CYCLE:    62 TIME:   0.027 TIME LEFT:  2.00D  GRAD.:     5.044 HEAT: -34.97291    
 CYCLE:    63 TIME:   0.023 TIME LEFT:  2.00D  GRAD.:     4.673 HEAT: -34.99937    
 CYCLE:    64 TIME:   0.023 TIME LEFT:  2.00D  GRAD.:     4.993 HEAT: -35.02028    
 CYCLE:    65 TIME:   0.020 TIME LEFT:  2.00D  GRAD.:     8.367 HEAT: -35.06322    
 CYCLE:    66 TIME:   0.020 TIME LEFT:  2.00D  GRAD.:     8.636 HEAT: -35.15384    
 CYCLE:    67 TIME:   0.020 TIME LEFT:  2.00D  GRAD.:     8.023 HEAT: -35.24476    
 CYCLE:    68 TIME:   0.023 TIME LEFT:  2.00D  GRAD.:     9.698 HEAT: -35.32647    
 CYCLE:    69 TIME:   0.020 TIME LEFT:  2.00D  GRAD.:     8.169 HEAT: -35.41805    
 CYCLE:    70 TIME:   0.020 TIME LEFT:  2.00D  GRAD.:     6.634 HEAT: -35.48089    
 CYCLE:    71 TIME:   0.027 TIME LEFT:  2.00D  GRAD.:     5.818 HEAT: -35.53241    
 CYCLE:    72 TIME:   0.020 TIME LEFT:  2.00D  GRAD.:     4.371 HEAT: -35.56546    
 CYCLE:    73 TIME:   0.027 TIME LEFT:  2.00D  GRAD.:     4.768 HEAT: -35.59041    
 CYCLE:    74 TIME:   0.020 TIME LEFT:  2.00D  GRAD.:     2.879 HEAT: -35.60208    
 CYCLE:    75 TIME:   0.020 TIME LEFT:  2.00D  GRAD.:     2.699 HEAT: -35.61079    
 CYCLE:    76 TIME:   0.020 TIME LEFT:  2.00D  GRAD.:     2.588 HEAT: -35.61824    
 CYCLE:    77 TIME:   0.020 TIME LEFT:  2.00D  GRAD.:     4.396 HEAT: -35.63032    
 CYCLE:    78 TIME:   0.027 TIME LEFT:  2.00D  GRAD.:     2.786 HEAT: -35.64173    
 CYCLE:    79 TIME:   0.020 TIME LEFT:  2.00D  GRAD.:     2.400 HEAT: -35.64772    
 CYCLE:    80 TIME:   0.023 TIME LEFT:  2.00D  GRAD.:     3.002 HEAT: -35.65708    
 CYCLE:    81 TIME:   0.023 TIME LEFT:  2.00D  GRAD.:     3.500 HEAT: -35.67172    
 CYCLE:    82 TIME:   0.020 TIME LEFT:  2.00D  GRAD.:     3.279 HEAT: -35.68901    
 CYCLE:    83 TIME:   0.070 TIME LEFT:  2.00D  GRAD.:     4.288 HEAT: -35.70688    
 CYCLE:    84 TIME:   0.020 TIME LEFT:  2.00D  GRAD.:     4.308 HEAT: -35.72507    
 CYCLE:    85 TIME:   0.020 TIME LEFT:  2.00D  GRAD.:     3.606 HEAT: -35.74128    
 CYCLE:    86 TIME:   0.016 TIME LEFT:  2.00D  GRAD.:     3.458 HEAT: -35.75159    
 CYCLE:    87 TIME:   0.023 TIME LEFT:  2.00D  GRAD.:     4.355 HEAT: -35.76542    
 CYCLE:    88 TIME:   0.027 TIME LEFT:  2.00D  GRAD.:     2.015 HEAT: -35.77427    
 CYCLE:    89 TIME:   0.023 TIME LEFT:  2.00D  GRAD.:     2.110 HEAT: -35.77958    
 CYCLE:    90 TIME:   0.023 TIME LEFT:  2.00D  GRAD.:     1.792 HEAT: -35.78254    
 TEST ON GRADIENT SATISFIED
                    HOWEVER, A COMPONENT OF GRADIENT IS LARGER THAN  0.20

 CYCLE:    91 TIME:   0.027 TIME LEFT:  2.00D  GRAD.:     1.144 HEAT: -35.78561    
 TEST ON GRADIENT SATISFIED
                    HOWEVER, A COMPONENT OF GRADIENT IS LARGER THAN  0.20

 CYCLE:    92 TIME:   0.039 TIME LEFT:  2.00D  GRAD.:     1.245 HEAT: -35.78887    
 CYCLE:    93 TIME:   0.023 TIME LEFT:  2.00D  GRAD.:     1.571 HEAT: -35.79164    
 CYCLE:    94 TIME:   0.027 TIME LEFT:  2.00D  GRAD.:     1.922 HEAT: -35.79495    
 CYCLE:    95 TIME:   0.023 TIME LEFT:  2.00D  GRAD.:     1.569 HEAT: -35.79893    
 CYCLE:    96 TIME:   0.016 TIME LEFT:  2.00D  GRAD.:     2.484 HEAT: -35.80588    
 CYCLE:    97 TIME:   0.023 TIME LEFT:  2.00D  GRAD.:     2.894 HEAT: -35.81320    
 CYCLE:    98 TIME:   0.023 TIME LEFT:  2.00D  GRAD.:     3.334 HEAT: -35.82872    
 CYCLE:    99 TIME:   0.016 TIME LEFT:  2.00D  GRAD.:     2.782 HEAT: -35.83920    
 CYCLE:   100 TIME:   0.020 TIME LEFT:  2.00D  GRAD.:     2.648 HEAT: -35.85000    
 CYCLE:   101 TIME:   0.020 TIME LEFT:  2.00D  GRAD.:     2.430 HEAT: -35.85553    
 CYCLE:   102 TIME:   0.020 TIME LEFT:  2.00D  GRAD.:     1.565 HEAT: -35.86250    
 CYCLE:   103 TIME:   0.023 TIME LEFT:  2.00D  GRAD.:     2.060 HEAT: -35.86704    
 CYCLE:   104 TIME:   0.020 TIME LEFT:  2.00D  GRAD.:     2.395 HEAT: -35.87382    
 CYCLE:   105 TIME:   0.023 TIME LEFT:  2.00D  GRAD.:     2.177 HEAT: -35.87878    
 CYCLE:   106 TIME:   0.020 TIME LEFT:  2.00D  GRAD.:     1.769 HEAT: -35.88395    
 TEST ON GRADIENT SATISFIED
                    HOWEVER, A COMPONENT OF GRADIENT IS LARGER THAN  0.20

 CYCLE:   107 TIME:   0.020 TIME LEFT:  2.00D  GRAD.:     1.543 HEAT: -35.88719    
 TEST ON GRADIENT SATISFIED
                    HOWEVER, A COMPONENT OF GRADIENT IS LARGER THAN  0.20

 CYCLE:   108 TIME:   0.023 TIME LEFT:  2.00D  GRAD.:     1.486 HEAT: -35.89082    
 TEST ON GRADIENT SATISFIED
                    HOWEVER, A COMPONENT OF GRADIENT IS LARGER THAN  0.20

 CYCLE:   109 TIME:   0.023 TIME LEFT:  2.00D  GRAD.:     1.503 HEAT: -35.89368    
 CYCLE:   110 TIME:   0.020 TIME LEFT:  2.00D  GRAD.:     1.845 HEAT: -35.89716    
 CYCLE:   111 TIME:   0.023 TIME LEFT:  2.00D  GRAD.:     2.163 HEAT: -35.90774    
 TEST ON GRADIENT SATISFIED
                    HOWEVER, A COMPONENT OF GRADIENT IS LARGER THAN  0.20

 CYCLE:   112 TIME:   0.023 TIME LEFT:  2.00D  GRAD.:     1.267 HEAT: -35.91254    
 TEST ON GRADIENT SATISFIED
                    HOWEVER, A COMPONENT OF GRADIENT IS LARGER THAN  0.20

 CYCLE:   113 TIME:   0.023 TIME LEFT:  2.00D  GRAD.:     1.307 HEAT: -35.91490    
 TEST ON GRADIENT SATISFIED
                    HOWEVER, A COMPONENT OF GRADIENT IS LARGER THAN  0.20

 CYCLE:   114 TIME:   0.035 TIME LEFT:  2.00D  GRAD.:     1.082 HEAT: -35.91613    
 TEST ON GRADIENT SATISFIED
                    HOWEVER, A COMPONENT OF GRADIENT IS LARGER THAN  0.20

 CYCLE:   115 TIME:   0.027 TIME LEFT:  2.00D  GRAD.:     0.928 HEAT: -35.91749    
 TEST ON GRADIENT SATISFIED
                    HOWEVER, A COMPONENT OF GRADIENT IS LARGER THAN  0.20

 CYCLE:   116 TIME:   0.027 TIME LEFT:  2.00D  GRAD.:     0.873 HEAT: -35.91882    
 TEST ON GRADIENT SATISFIED
                    HOWEVER, A COMPONENT OF GRADIENT IS LARGER THAN  0.20

 CYCLE:   117 TIME:   0.023 TIME LEFT:  2.00D  GRAD.:     0.916 HEAT: -35.92032    
 TEST ON GRADIENT SATISFIED
                    HOWEVER, A COMPONENT OF GRADIENT IS LARGER THAN  0.20

 CYCLE:   118 TIME:   0.027 TIME LEFT:  2.00D  GRAD.:     1.058 HEAT: -35.92192    
 TEST ON GRADIENT SATISFIED
                    HOWEVER, A COMPONENT OF GRADIENT IS LARGER THAN  0.20

 CYCLE:   119 TIME:   0.027 TIME LEFT:  2.00D  GRAD.:     1.317 HEAT: -35.92385    
 CYCLE:   120 TIME:   0.023 TIME LEFT:  2.00D  GRAD.:     1.591 HEAT: -35.92676    
 CYCLE:   121 TIME:   0.023 TIME LEFT:  2.00D  GRAD.:     1.755 HEAT: -35.92969    
 CYCLE:   122 TIME:   0.027 TIME LEFT:  2.00D  GRAD.:     2.315 HEAT: -35.93704    
 TEST ON GRADIENT SATISFIED
                    HOWEVER, A COMPONENT OF GRADIENT IS LARGER THAN  0.20

 CYCLE:   123 TIME:   0.035 TIME LEFT:  2.00D  GRAD.:     1.414 HEAT: -35.94034    
 CYCLE:   124 TIME:   0.027 TIME LEFT:  2.00D  GRAD.:     1.601 HEAT: -35.94356    
 CYCLE:   125 TIME:   0.023 TIME LEFT:  2.00D  GRAD.:     2.425 HEAT: -35.94745    
 CYCLE:   126 TIME:   0.023 TIME LEFT:  2.00D  GRAD.:     2.206 HEAT: -35.95405    
 CYCLE:   127 TIME:   0.023 TIME LEFT:  2.00D  GRAD.:     2.460 HEAT: -35.96092    
 CYCLE:   128 TIME:   0.020 TIME LEFT:  2.00D  GRAD.:     2.949 HEAT: -35.96587    
 TEST ON GRADIENT SATISFIED
                    HOWEVER, A COMPONENT OF GRADIENT IS LARGER THAN  0.20

 CYCLE:   129 TIME:   0.035 TIME LEFT:  2.00D  GRAD.:     1.142 HEAT: -35.96975    
 TEST ON GRADIENT SATISFIED
                    HOWEVER, A COMPONENT OF GRADIENT IS LARGER THAN  0.20

 CYCLE:   130 TIME:   0.031 TIME LEFT:  2.00D  GRAD.:     1.033 HEAT: -35.97117    
 TEST ON GRADIENT SATISFIED
                    HOWEVER, A COMPONENT OF GRADIENT IS LARGER THAN  0.20

 CYCLE:   131 TIME:   0.039 TIME LEFT:  2.00D  GRAD.:     0.943 HEAT: -35.97218    
 TEST ON GRADIENT SATISFIED
                    HOWEVER, A COMPONENT OF GRADIENT IS LARGER THAN  0.20

 CYCLE:   132 TIME:   0.031 TIME LEFT:  2.00D  GRAD.:     0.788 HEAT: -35.97283    
 TEST ON GRADIENT SATISFIED
PETERS TEST SATISFIED

 -------------------------------------------------------------------------------
MNDO BFGS PRECISE
 comment line 1
 comment line 2


     PETERS TEST WAS SATISFIED IN BFGS OPTIMIZATION           
     SCF FIELD WAS ACHIEVED                                   


                              MNDO CALCULATION
                                                       MOPAC2012 (Version: 15.038L)
                                                       Wed Apr 29 15:20:05 2015
                                                       No. of days left = 284




          FINAL HEAT OF FORMATION =        -35.97325 KCAL/MOL =    -150.51207 KJ/MOL


          TOTAL ENERGY            =      -1919.20483 EV
          ELECTRONIC ENERGY       =      -8481.29135 EV  POINT GROUP:     C1  
          CORE-CORE REPULSION     =       6562.08653 EV
          COSMO AREA              =        231.03 SQUARE ANGSTROMS
          COSMO VOLUME            =        236.97 CUBIC ANGSTROMS

          GRADIENT NORM           =          0.43926
          IONIZATION POTENTIAL    =          9.467170 EV
          HOMO LUMO ENERGIES (EV) =         -9.467 -1.970
          NO. OF FILLED LEVELS    =         28
          MOLECULAR WEIGHT        =        174.303

          MOLECULAR DIMENSIONS (Angstroms)

            Atom       Atom       Distance
            H    20    H     8     8.95231
            H    12    H     9     7.00910
            O     7    H    19     3.45841


          SCF CALCULATIONS        =        199
 
          WALL-CLOCK TIME         =          3.621 SECONDS
          COMPUTATION TIME        =          9.979 SECONDS




   ATOM   CHEMICAL          X               Y               Z
  NUMBER   SYMBOL      (ANGSTROMS)     (ANGSTROMS)     (ANGSTROMS)
 
     1       O          1.85764360  *  -0.14478759  *  -0.97238515  *
     2       C          1.70950915  *   0.91267872  *  -1.84768285  *
     3       C          3.03578465  *  -0.51030487  *  -0.36815594  *
     4       H         -2.03398474  *   0.84033902  *  -1.64082747  *
     5      Si         -1.26994337  *   1.68017189  *  -2.41760549  *
     6       C          0.36502648  *   1.24431800  *  -2.09374288  *
     7       O          2.69942445  *   1.44602735  *  -2.35802281  *
     8       H         -1.49575121  *   2.99562849  *  -2.08386673  *
     9       H         -1.55886022  *   1.51101018  *  -3.75209791  *
    10       O          3.43613025  *   0.49167509  *   0.46324309  *
    11       C          4.78849790  *   0.81508117  *   0.65748230  *
    12       H          4.81102849  *   1.81799554  *   1.14574779  *
    13       H          5.36549881  *   0.87013240  *  -0.29545786  *
    14       H          5.29281974  *   0.08418684  *   1.33504289  *
    15       C          3.54607996  *  -1.75966732  *  -0.51035310  *
    16      Si          3.00448825  *  -3.11071868  *  -1.52046957  *
    17       H          4.42110985  *  -2.01423756  *   0.09753400  *
    18       H          2.67446595  *  -2.69717120  *  -2.79404653  *
    19       H          1.90695327  *  -3.72845420  *  -0.95651242  *
    20       H          4.02211177  *  -4.03844137  *  -1.61595009  *

                             CARTESIAN COORDINATES

   1    O        1.857643598    -0.144787586    -0.972385148
   2    C        1.709509146     0.912678717    -1.847682848
   3    C        3.035784651    -0.510304870    -0.368155938
   4    H       -2.033984735     0.840339017    -1.640827470
   5   Si       -1.269943375     1.680171892    -2.417605490
   6    C        0.365026483     1.244318005    -2.093742876
   7    O        2.699424447     1.446027349    -2.358022814
   8    H       -1.495751207     2.995628492    -2.083866726
   9    H       -1.558860218     1.511010176    -3.752097910
  10    O        3.436130249     0.491675087     0.463243086
  11    C        4.788497902     0.815081170     0.657482296
  12    H        4.811028492     1.817995537     1.145747790
  13    H        5.365498814     0.870132398    -0.295457864
  14    H        5.292819735     0.084186835     1.335042893
  15    C        3.546079955    -1.759667322    -0.510353096
  16   Si        3.004488248    -3.110718684    -1.520469572
  17    H        4.421109850    -2.014237565     0.097533996
  18    H        2.674465954    -2.697171196    -2.794046534
  19    H        1.906953275    -3.728454204    -0.956512419
  20    H        4.022111773    -4.038441370    -1.615950088


           Empirical Formula: C5 H10 O3 Si2  =    20 atoms



      MOLECULAR POINT GROUP   :   C1  


                  EIGENVALUES  
 -46.25267 -43.04890 -39.83580 -33.52544 -30.88521 -28.79677 -23.90518 -21.54558
 -19.85926 -19.06883 -17.91760 -16.58762 -16.21305 -15.58395 -15.40192 -15.14207
 -14.15369 -13.28136 -12.71971 -12.65625 -12.47769 -12.16544 -11.82362 -11.74459
 -11.60336 -11.41479  -9.64835  -9.46717  -1.96980   0.57636   1.23653   2.12702
   2.24242   2.33944   2.63825   2.75041   2.94343   2.97000   3.00140   3.46115
   3.74406   3.85595   3.93455   4.56468   4.72840   4.85288   5.73566   6.15450
   6.87675   7.54756


              NET ATOMIC CHARGES AND DIPOLE CONTRIBUTIONS

  ATOM NO.   TYPE          CHARGE      No. of ELECS.   s-Pop       p-Pop       
    1          O          -0.312240        6.3122     1.80234     4.50990
    2          C           0.424512        3.5755     1.17226     2.40323
    3          C           0.329516        3.6705     1.18706     2.48342
    4          H          -0.351807        1.3518     1.35181
    5         Si           1.606047        2.3940     0.97724     1.41671
    6          C          -0.385750        4.3857     1.44681     2.93894
    7          O          -0.393174        6.3932     1.89247     4.50070
    8          H          -0.368867        1.3689     1.36887
    9          H          -0.368653        1.3687     1.36865
   10          O          -0.312076        6.3121     1.80399     4.50808
   11          C           0.225165        3.7748     1.22394     2.55089
   12          H           0.017364        0.9826     0.98264
   13          H          -0.001466        1.0015     1.00147
   14          H          -0.015557        1.0156     1.01556
   15          C          -0.574690        4.5747     1.28953     3.28516
   16         Si           1.582053        2.4179     0.98468     1.43327
   17          H           0.060170        0.9398     0.93983
   18          H          -0.383767        1.3838     1.38377
   19          H          -0.385242        1.3852     1.38524
   20          H          -0.391539        1.3915     1.39154
 DIPOLE           X         Y         Z       TOTAL
 POINT-CHG.    -2.925     0.179    -0.244     2.941
 HYBRID         1.456     0.161     0.745     1.643
 SUM           -1.470     0.340     0.501     1.589


          ATOMIC ORBITAL ELECTRON POPULATIONS

    Atom      s        px        py        pz   
    1  O   1.80234   1.41043   1.51951   1.57996
    2  C   1.17226   0.87095   0.76370   0.76859
    3  C   1.18706   0.80103   0.85011   0.83229
    4  H   1.35181
    5 Si   0.97724   0.43247   0.49190   0.49233
    6  C   1.44681   0.95786   0.91910   1.06197
    7  O   1.89247   1.39717   1.57129   1.53224
    8  H   1.36887
    9  H   1.36865
   10  O   1.80399   1.32422   1.54854   1.63532
   11  C   1.22394   0.73336   0.90859   0.90894
   12  H   0.98264
   13  H   1.00147
   14  H   1.01556
   15  C   1.28953   1.07576   1.02856   1.18084
   16 Si   0.98468   0.47361   0.48077   0.47889
   17  H   0.93983
   18  H   1.38377
   19  H   1.38524
   20  H   1.39154

          JOB ENDED NORMALLY



 TOTAL JOB TIME:             3.90 SECONDS

 == MOPAC DONE ==
